// Jest Snapshot v1, https://goo.gl/fbAQLP

exports[`renders ./components/list/demo/grid.md correctly 1`] = `undefined`;
